<html>
<body>
<pre>
<h1>礦ision Build Log</h1>
<h2>Tool Versions:</h2>
IDE-Version: μVision V5.38.0.0
Copyright (C) 2022 ARM Ltd and ARM Germany GmbH. All rights reserved.
License Information: 1 1, 1, LIC=TIVNB-26PLU-PCQJ8-38MBR-RH7EV-CL810
 
Tool Versions:
Toolchain:       MDK-ARM Plus  Version: 5.38.0.0
Toolchain Path:  C:\Keil_v5\ARM\ARMCLANG\Bin
C Compiler:      ArmClang.exe V6.19
Assembler:       Armasm.exe V6.19
Linker/Locator:  ArmLink.exe V6.19
Library Manager: ArmAr.exe V6.19
Hex Converter:   FromElf.exe V6.19
CPU DLL:         SARMCM3.DLL V5.38.0.0
Dialog DLL:      DARMCM1.DLL V1.19.6.0
Target DLL:      STLink\ST-LINKIII-KEIL_SWO.dll V3.1.0.0
Dialog DLL:      TARMCM1.DLL V1.14.6.0
 
<h2>Project:</h2>
c:\Users\Rolin\Desktop\arm_keil_project\empty_nortos\keil\empty_LP_MSPM0G3507_nortos_keil.uvprojx
Project File Date:  09/03/2026

<h2>Output:</h2>
*** Using Compiler 'V6.19', folder: 'C:\Keil_v5\ARM\ARMCLANG\Bin'
Build target 'empty_LP_MSPM0G3507_nortos_keil'
Before Build - User command #1: cmd.exe /C "c:\Users\Rolin\Desktop\arm_keil_project\empty_nortos\keil\../tools/keil/syscfg.bat 'c:\Users\Rolin\Desktop\arm_keil_project\empty_nortos\keil\' empty.syscfg"
Using Sysconfig Tool from "C:\ti\sysconfig_1.28.1\sysconfig_cli.bat"
"Update the file located at <sdk path>/tools/keil/syscfg.bat to use a different version"
"Couldn't find .metadata\product.json"
Invalid argument '-s': File "c:\.metadata\product.json" does not exist
../BSP/OLED_Data.c(337): warning: illegal character encoding in string literal [-Winvalid-source-encoding]
        "<A3><AC>",
         ^~~~~~~~
../BSP/OLED_Data.c(341): warning: illegal character encoding in string literal [-Winvalid-source-encoding]
        "<A1><A3>",
         ^~~~~~~~
../BSP/OLED_Data.c(363): warning: illegal character encoding in string literal [-Winvalid-source-encoding]
        "<BA><CC>",
         ^~~~~~~~
../BSP/OLED_Data.c(369): warning: illegal character encoding in string literal [-Winvalid-source-encoding]
        "<BF><C6>",
         ^~~~~~~~
../BSP/OLED_Data.c(372): warning: illegal character encoding in string literal [-Winvalid-source-encoding]
        "<BC><BC>",
         ^~~~~~~~
../BSP/OLED_Data.c(375): warning: illegal character encoding in string literal [-Winvalid-source-encoding]
        "<D2><D7>",
         ^~~~~~~~
../BSP/OLED_Data.c(384): warning: illegal character encoding in string literal [-Winvalid-source-encoding]
        "<C4><E3>",
         ^~~~~~~~
../BSP/OLED_Data.c(387): warning: illegal character encoding in string literal [-Winvalid-source-encoding]
        "<BA><C3>",
         ^~~~~~~~
../BSP/OLED_Data.c(390): warning: illegal character encoding in string literal [-Winvalid-source-encoding]
        "<CA><C0>",
         ^~~~~~~~
../BSP/OLED_Data.c(393): warning: illegal character encoding in string literal [-Winvalid-source-encoding]
        "<BD><E7>",
         ^~~~~~~~
../BSP/OLED_Data.c(400): warning: illegal character encoding in string literal [-Winvalid-source-encoding]
        "<B5><E7>",
         ^~~~~~~~
../BSP/OLED_Data.c(403): warning: illegal character encoding in string literal [-Winvalid-source-encoding]
        "<D7><D3>",
         ^~~~~~~~
../BSP/OLED_Data.c(406): warning: illegal character encoding in string literal [-Winvalid-source-encoding]
        "<D0><C5>",
         ^~~~~~~~
../BSP/OLED_Data.c(412): warning: illegal character encoding in string literal [-Winvalid-source-encoding]
        "<B9><A4>",
         ^~~~~~~~
../BSP/OLED_Data.c(415): warning: illegal character encoding in string literal [-Winvalid-source-encoding]
        "<B3><CC>",
         ^~~~~~~~
../BSP/OLED_Data.c(418): warning: illegal character encoding in string literal [-Winvalid-source-encoding]
        "<C1><F5>",
         ^~~~~~~~
../BSP/OLED_Data.c(421): warning: illegal character encoding in string literal [-Winvalid-source-encoding]
        "<D1><D2>",
         ^~~~~~~~
../BSP/OLED_Data.c(424): warning: illegal character encoding in string literal [-Winvalid-source-encoding]
        "<C1><D5>",
         ^~~~~~~~
../BSP/OLED_Data.c(430): warning: illegal character encoding in string literal [-Winvalid-source-encoding]
        "<BA><C5>",
         ^~~~~~~~
../BSP/OLED_Data.c(439): warning: illegal character encoding in string literal [-Winvalid-source-encoding]
        "<D0><D5>",
         ^~~~~~~~
../BSP/OLED_Data.c(442): warning: illegal character encoding in string literal [-Winvalid-source-encoding]
        "<C3><FB>",
         ^~~~~~~~
../BSP/OLED_Data.c(445): warning: illegal character encoding in string literal [-Winvalid-source-encoding]
        "<B0><E0>",
         ^~~~~~~~
../BSP/OLED_Data.c(448): warning: illegal character encoding in string literal [-Winvalid-source-encoding]
        "<BC><B6>",
         ^~~~~~~~
../BSP/OLED_Data.c(458): warning: illegal character encoding in string literal [-Winvalid-source-encoding]
        "<BF><D5>",
         ^~~~~~~~
../BSP/OLED_Data.c(462): warning: illegal character encoding in string literal [-Winvalid-source-encoding]
        "<B1><C8>",
         ^~~~~~~~
../BSP/OLED_Data.c(470): warning: illegal character encoding in string literal [-Winvalid-source-encoding]
        "<CB><D9>",
         ^~~~~~~~
../BSP/OLED_Data.c(474): warning: illegal character encoding in string literal [-Winvalid-source-encoding]
        "<B7><BD>",
         ^~~~~~~~
../BSP/OLED_Data.c(478): warning: illegal character encoding in string literal [-Winvalid-source-encoding]
        "<CF><F2>",
         ^~~~~~~~
../BSP/OLED_Data.c(482): warning: illegal character encoding in string literal [-Winvalid-source-encoding]
        "<D5><FD>",
         ^~~~~~~~
../BSP/OLED_Data.c(486): warning: illegal character encoding in string literal [-Winvalid-source-encoding]
        "<B7><B4>",
         ^~~~~~~~
../BSP/OLED_Data.c(490): warning: illegal character encoding in string literal [-Winvalid-source-encoding]
        "<B5><B5>",
         ^~~~~~~~
31 warnings generated.
compiling OLED_Data.c...
../empty.c(52): warning: illegal character encoding in string literal [-Winvalid-source-encoding]
    OLED_ShowString(0, 0, "占<BF>毡<C8>:", OLED_8X16);
                            ^~~~ ~~~~
../empty.c(57): warning: illegal character encoding in string literal [-Winvalid-source-encoding]
    OLED_ShowString(0, 16, "转<CB><D9>:", OLED_8X16);
                             ^~~~~~~~
../empty.c(59): warning: illegal character encoding in string literal [-Winvalid-source-encoding]
    OLED_ShowString(64, 16, "<B5><B5>", OLED_8X16);
                             ^~~~~~~~
../empty.c(63): warning: illegal character encoding in string literal [-Winvalid-source-encoding]
    OLED_ShowString(0, 32, "<B7><BD><CF><F2>:", OLED_8X16);
                            ^~~~~~~~~~~~~~~~
../empty.c(65): warning: illegal character encoding in string literal [-Winvalid-source-encoding]
        OLED_ShowString(48, 32, "<D5><FD>转", OLED_8X16);
                                 ^~~~~~~~
../empty.c(67): warning: illegal character encoding in string literal [-Winvalid-source-encoding]
        OLED_ShowString(48, 32, "<B7><B4>转", OLED_8X16);
                                 ^~~~~~~~
6 warnings generated.
compiling empty.c...
linking...
Program Size: Code=8454 RO-data=4330 RW-data=0 ZI-data=1552  
FromELF: creating hex file...
".\Objects\empty_LP_MSPM0G3507_nortos_keil.axf" - 0 Error(s), 37 Warning(s).

<h2>Software Packages used:</h2>

Package Vendor: TexasInstruments
                http://software-dl.ti.com/msp430/esd/MSPM0-CMSIS/MSPM0G/latest/exports/TexasInstruments.MSPM0G_DFP.1.2.1.pack
                TexasInstruments.MSPM0G_DFP.1.2.1
                Device Family Pack for Texas Instruments MSPM0G Series

<h2>Collection of Component include folders:</h2>

<h2>Collection of Component Files used:</h2>
Build Time Elapsed:  00:00:02
</pre>
</body>
</html>
